## Meridian: FAIL ❌

**Config:** `collector.yaml`  
**Engine:** `docker`  
**Runtime backend:** `docker`  
**Mode:** `safe`  
**Collector image:** `otel/test:latest`  
**Runtime config:** `collector-rendered effective config`  
**Run:** `1970-01-01T00:00:00Z`

### Summary
- Validate: PASS
- Semantic: PASS
- Graph: PASS
- Contracts: FAIL (1/1 contract(s) failed)
- traces: FAIL (received 0)
- Fixtures: redaction

### What changed (risk highlights)
- Effective config diff was available and used for classification.
- **FAIL:** pipeline wiring changed

### Semantic validation
- components: PASS
- validate: PASS
- print-config: PASS

### Contract checks
- `redaction-contract`: FAIL (fixture `redaction`)
  - "http.request.header.authorization" should be absent from every matched item, but was present in 1 item(s)

### Top failure
- **redaction-contract**: contract failed
- Diff: "http.request.header.authorization" should be absent from every matched item, but was present in 1 item(s)
- Likely cause: redaction contract
- Next step: inspect capture.normalized.json

### Artifacts
Download the `meridian-artifacts` workflow artifact for the full bundle.
- `report.json`
- `summary.md`
- `graph.mmd`
- `collector.log`
- `config.patched.yaml`
- `graph.svg`
- `collector-components.json`
- `config.final.yaml`
- `diff.md`
- `contracts.json`
- `contracts.md`
- `capture.normalized.json`
- `captures/`
